[vihaan.ieeedtu.in/index.html]
[vihaan.ieeedtu.in/images/icon.png]
[backblue.gif]
[fade.gif]
[index.html]
[vihaan.ieeedtu.in/css/bootstrap.min.css]
[vihaan.ieeedtu.in/css/bootstrap-grid.min.css]
[vihaan.ieeedtu.in/css/bootstrap-reboot.min.css]
[vihaan.ieeedtu.in/css/plugins.css]
[vihaan.ieeedtu.in/css/style.css]
[vihaan.ieeedtu.in/css/style2.css]
[vihaan.ieeedtu.in/css/rev-settings.css]
[vihaan.ieeedtu.in/css/color.css]
[vihaan.ieeedtu.in/revolution/css/settings.css]
[vihaan.ieeedtu.in/revolution/css/layers.css]
[vihaan.ieeedtu.in/revolution/css/navigation.css]
[vihaan.ieeedtu.in/css/star.css]
[vihaan.ieeedtu.in/css/font-style.css]
[vihaan.ieeedtu.in/index-2.html]
[vihaan.ieeedtu.in/images/logo.png]
[vihaan.ieeedtu.in/team.html]
[vihaan.ieeedtu.in/images/slider/wide1.jpg]
[vihaan.ieeedtu.in/images/slider/wide2.jpg]
[vihaan.ieeedtu.in/images/btn.png]
[vihaan.ieeedtu.in/images/misc/2.jpg]
[vihaan.ieeedtu.in/images/misc/3.jpg]
[vihaan.ieeedtu.in/images/misc/1.jpg]
[vihaan.ieeedtu.in/images/bg/2.jpg]
[vihaan.ieeedtu.in/images/bg/1.jpg]
[vihaan.ieeedtu.in/images/team/1.png]
[vihaan.ieeedtu.in/images/team/2.png]
[vihaan.ieeedtu.in/images/team/3.png]
[vihaan.ieeedtu.in/images/team/4.png]
[vihaan.ieeedtu.in/images/team/5.png]
[vihaan.ieeedtu.in/images/team/6.png]
[vihaan.ieeedtu.in/images/team/7.png]
[vihaan.ieeedtu.in/images/team/8.png]
[vihaan.ieeedtu.in/images/team/9.png]
[vihaan.ieeedtu.in/images/team/10.png]
[vihaan.ieeedtu.in/images/logo/g2.png]
[vihaan.ieeedtu.in/images/logo/g3.png]
[vihaan.ieeedtu.in/images/logo/s4.png]
[vihaan.ieeedtu.in/images/logo/s2.png]
[vihaan.ieeedtu.in/images/logo/s5.png]
[vihaan.ieeedtu.in/images/logo/001_LWT_logo.png]
[vihaan.ieeedtu.in/images/logo/1597044397-Cornitos-Nacho Crisps Cheese And Herbs 150g-Logo.png]
[vihaan.ieeedtu.in/images/logo/Greenish.png]
[vihaan.ieeedtu.in/images/logo/SC-23092020164856.png]
[vihaan.ieeedtu.in/images/logo/taskade-circle-logo-full-black.png]
[vihaan.ieeedtu.in/images/logo/jnuobi logo.jpg]
[vihaan.ieeedtu.in/images/logo/roqo logo.jpg]
[vihaan.ieeedtu.in/images/logo/4s.jpg]
[vihaan.ieeedtu.in/images/portfolio/1.jpg]
[vihaan.ieeedtu.in/images/portfolio/2.jpg]
[vihaan.ieeedtu.in/images/portfolio/3.jpg]
[vihaan.ieeedtu.in/images/portfolio/4.jpg]
[vihaan.ieeedtu.in/js/dots.js]
[apply.devfolio.co/v2/sdk.js]
[ajax.googleapis.com/ajax/libs/jquery/1.9.1/jquery.min3109.js]
[cdnjs.cloudflare.com/ajax/libs/gsap/1.19.0/easing/EasePack.min.js]
[cdnjs.cloudflare.com/ajax/libs/gsap/1.19.0/TweenLite.min.js]
[cdn.jsdelivr.net/particles.js/2.0.0/particles.min.js]
[threejs.org/examples/js/libs/stats.min.3b.delayed]
[vihaan.ieeedtu.in/resources/scripts/bg-animation.3c.delayed]
[vihaan.ieeedtu.in/js/plugins.js]
[vihaan.ieeedtu.in/js/designesia.js]
[vihaan.ieeedtu.in/js/validation.js]
[vihaan.ieeedtu.in/js/countdown-custom.js]
[vihaan.ieeedtu.in/js/faq.js]
[vihaan.ieeedtu.in/js/script.js]
[vihaan.ieeedtu.in/js/glitche-scripts.js]
[vihaan.ieeedtu.in/js/type.js]
[vihaan.ieeedtu.in/revolution/js/jquery.themepunch.tools.min838f.js]
[vihaan.ieeedtu.in/revolution/js/jquery.themepunch.revolution.min838f.js]
[vihaan.ieeedtu.in/revolution/js/extensions/revolution.extension.video.min.js]
[vihaan.ieeedtu.in/revolution/js/extensions/revolution.extension.slideanims.min.js]
[vihaan.ieeedtu.in/revolution/js/extensions/revolution.extension.layeranimation.min.js]
[vihaan.ieeedtu.in/revolution/js/extensions/revolution.extension.navigation.min.js]
[vihaan.ieeedtu.in/revolution/js/extensions/revolution.extension.actions.min.js]
[vihaan.ieeedtu.in/revolution/js/extensions/revolution.extension.kenburn.min.js]
[vihaan.ieeedtu.in/revolution/js/extensions/revolution.extension.migration.min.js]
[vihaan.ieeedtu.in/revolution/js/extensions/revolution.extension.parallax.min.js]
[vihaan.ieeedtu.in/index.html]
[vihaan.ieeedtu.in/css/bootstrap.min.css]
[vihaan.ieeedtu.in/css/bootstrap-grid.min.css]
[vihaan.ieeedtu.in/css/bootstrap-reboot.min.css]
[vihaan.ieeedtu.in/images/ui.totop.png]
[vihaan.ieeedtu.in/css/owl.video.play.png]
[vihaan.ieeedtu.in/css/plugins.css]
[vihaan.ieeedtu.in/fonts/font-awesome/css/font-awesome.css]
[vihaan.ieeedtu.in/fonts/elegant_font/HTML_CSS/style.css]
[vihaan.ieeedtu.in/fonts/et-line-font/style.css]
[vihaan.ieeedtu.in/images/dotted.png]
[vihaan.ieeedtu.in/images/icon-slide-plus.png]
[vihaan.ieeedtu.in/images/icon-slide-min.png]
[vihaan.ieeedtu.in/images/close.png]
[vihaan.ieeedtu.in/images/close-2.png]
[vihaan.ieeedtu.in/images/icon-url.png]
[vihaan.ieeedtu.in/images/icon-zoom.png]
[vihaan.ieeedtu.in/images/list-arrow.png]
[vihaan.ieeedtu.in/images/page-loader.gif]
[vihaan.ieeedtu.in/images/arrow-down.png]
[vihaan.ieeedtu.in/images/ui/arrow-down.png]
[vihaan.ieeedtu.in/images/ui/arrow-down-invert.png]
[vihaan.ieeedtu.in/images/ui/arrow-up.png]
[vihaan.ieeedtu.in/images/ui/arrow-up-invert.png]
[vihaan.ieeedtu.in/css/style.css]
[vihaan.ieeedtu.in/css/style2.css]
[vihaan.ieeedtu.in/css/rev-settings.css]
[vihaan.ieeedtu.in/css/color.css]
[vihaan.ieeedtu.in/css/colors/magenta.css]
[vihaan.ieeedtu.in/revolution/fonts/revicons/revicons90c6.eot]
[vihaan.ieeedtu.in/revolution/fonts/revicons/revicons90c6.woff]
[vihaan.ieeedtu.in/revolution/fonts/revicons/revicons90c6.ttf]
[vihaan.ieeedtu.in/revolution/fonts/revicons/revicons90c6.svg]
[vihaan.ieeedtu.in/revolution/css/openhand.cur]
[vihaan.ieeedtu.in/revolution/css/closedhand.cur]
[vihaan.ieeedtu.in/revolution/assets/gridtile.png]
[vihaan.ieeedtu.in/revolution/assets/gridtile_white.png]
[vihaan.ieeedtu.in/revolution/assets/gridtile_3x3.png]
[vihaan.ieeedtu.in/revolution/assets/gridtile_3x3_white.png]
[vihaan.ieeedtu.in/revolution/assets/coloredbg.png]
[vihaan.ieeedtu.in/revolution/assets/loader.gif]
[vihaan.ieeedtu.in/revolution/css/settings.css]
[vihaan.ieeedtu.in/revolution/css/layers.css]
[vihaan.ieeedtu.in/revolution/css/navigation.css]
[vihaan.ieeedtu.in/css/star.css]
[vihaan.ieeedtu.in/css/font-style.css]
[vihaan.ieeedtu.in/index-2.html]
[vihaan.ieeedtu.in/images/team2/c1.png]
[vihaan.ieeedtu.in/images/team2/c2.png]
[vihaan.ieeedtu.in/images/team2/c3.png]
[vihaan.ieeedtu.in/images/team2/c4.png]
[vihaan.ieeedtu.in/images/team2/c5.png]
[vihaan.ieeedtu.in/images/team2/c6.png]
[vihaan.ieeedtu.in/images/team2/c7.png]
[vihaan.ieeedtu.in/images/team2/c8.png]
[vihaan.ieeedtu.in/images/team2/c9.png]
[vihaan.ieeedtu.in/images/team2/c10.png]
[vihaan.ieeedtu.in/images/team2/c11.png]
[vihaan.ieeedtu.in/images/team2/c12.png]
[vihaan.ieeedtu.in/images/team2/E (1).png]
[vihaan.ieeedtu.in/images/team2/E (2).png]
[vihaan.ieeedtu.in/images/team2/E (3).png]
[vihaan.ieeedtu.in/images/team2/E (15).png]
[vihaan.ieeedtu.in/images/team2/E (4).png]
[vihaan.ieeedtu.in/images/team2/E (5).png]
[vihaan.ieeedtu.in/images/team2/E (6).png]
[vihaan.ieeedtu.in/images/team2/E (7).png]
[vihaan.ieeedtu.in/images/team2/E (13).png]
[vihaan.ieeedtu.in/images/team2/E (14).png]
[vihaan.ieeedtu.in/images/team2/E (16).png]
[vihaan.ieeedtu.in/images/team2/E (12).png]
[vihaan.ieeedtu.in/images/team2/E (8).png]
[vihaan.ieeedtu.in/images/team2/E (9).png]
[vihaan.ieeedtu.in/images/team2/E (10).png]
[vihaan.ieeedtu.in/images/team2/E (11).png]
[vihaan.ieeedtu.in/images/team2/E (17).png]
[vihaan.ieeedtu.in/images/team2/E (18).png]
[vihaan.ieeedtu.in/images/team2/E (19).png]
[vihaan.ieeedtu.in/images/team2/E (20).png]
[vihaan.ieeedtu.in/images/team2/E (21).png]
[vihaan.ieeedtu.in/images/team2/E (22).png]
[vihaan.ieeedtu.in/images/team2/E (23).png]
[vihaan.ieeedtu.in/images/team2/E (24).png]
[vihaan.ieeedtu.in/images/team2/E (25).png]
[vihaan.ieeedtu.in/images/team2/E (26).png]
[vihaan.ieeedtu.in/js/team.js]
[vihaan.ieeedtu.in/team.html]
[threejs.org/examples/js/libs/stats.min.html]
[vihaan.ieeedtu.in/resources/scripts/bg-animation.html]
[vihaan.ieeedtu.in/images/ui.totop.html]
[vihaan.ieeedtu.in/css/owl.video.play.html]
[vihaan.ieeedtu.in/fonts/font-awesome/fonts/fontawesome-webfont3e6e.eot]
[vihaan.ieeedtu.in/fonts/font-awesome/fonts/fontawesome-webfontd41d.eot]
[vihaan.ieeedtu.in/fonts/font-awesome/fonts/fontawesome-webfont3e6e.woff2]
[vihaan.ieeedtu.in/fonts/font-awesome/fonts/fontawesome-webfont3e6e.woff]
[vihaan.ieeedtu.in/fonts/font-awesome/fonts/fontawesome-webfont3e6e.ttf]
[vihaan.ieeedtu.in/fonts/font-awesome/css/font-awesome.css]
[vihaan.ieeedtu.in/fonts/elegant_font/HTML_CSS/style.html]
[vihaan.ieeedtu.in/fonts/font-awesome/fonts/fontawesome-webfont3e6e.svg]
[vihaan.ieeedtu.in/fonts/et-line-font/fonts/et-line.eot]
[vihaan.ieeedtu.in/fonts/et-line-font/fonts/et-lined41d.eot]
[vihaan.ieeedtu.in/fonts/et-line-font/fonts/et-line.woff]
[vihaan.ieeedtu.in/fonts/et-line-font/fonts/et-line.ttf]
[vihaan.ieeedtu.in/fonts/et-line-font/style.css]
[vihaan.ieeedtu.in/images/dotted.html]
[vihaan.ieeedtu.in/images/icon-slide-plus.html]
[vihaan.ieeedtu.in/images/icon-slide-min.html]
[vihaan.ieeedtu.in/images/close.html]
[vihaan.ieeedtu.in/images/close-2.html]
[vihaan.ieeedtu.in/images/icon-url.html]
[vihaan.ieeedtu.in/images/icon-zoom.html]
[vihaan.ieeedtu.in/images/list-arrow.html]
[vihaan.ieeedtu.in/images/page-loader.html]
[vihaan.ieeedtu.in/images/arrow-down.html]
[vihaan.ieeedtu.in/images/ui/arrow-down.html]
[vihaan.ieeedtu.in/images/ui/arrow-down-invert.html]
[vihaan.ieeedtu.in/images/ui/arrow-up.html]
[vihaan.ieeedtu.in/images/ui/arrow-up-invert.html]
[vihaan.ieeedtu.in/revolution/fonts/revicons/revicons90c6.svg]
[vihaan.ieeedtu.in/fonts/et-line-font/fonts/et-line.svg]
[vihaan.ieeedtu.in/fonts/font-awesome/fonts/fontawesome-webfont3e6e.svg]
[vihaan.ieeedtu.in/fonts/et-line-font/fonts/et-line.svg]
